#
# There is insufficient memory for the Java Runtime Environment to continue.
# Native memory allocation (mmap) failed to map 230686720 bytes for G1 virtual space
# Possible reasons:
#   The system is out of physical RAM or swap space
#   The process is running with CompressedOops enabled, and the Java Heap may be blocking the growth of the native heap
# Possible solutions:
#   Reduce memory load on the system
#   Increase physical memory or swap space
#   Check if swap backing store is full
#   Decrease Java heap size (-Xmx/-Xms)
#   Decrease number of Java threads
#   Decrease Java thread stack sizes (-Xss)
#   Set larger code cache with -XX:ReservedCodeCacheSize=
#   JVM is running with Zero Based Compressed Oops mode in which the Java heap is
#     placed in the first 32GB address space. The Java Heap base address is the
#     maximum limit for the native heap growth. Please use -XX:HeapBaseMinAddress
#     to set the Java Heap base and to place the Java Heap above 32GB virtual address.
# This output file may be truncated or incomplete.
#
#  Out of Memory Error (os_windows.cpp:3548), pid=33568, tid=27492
#
# JRE version:  (17.0.12+8) (build )
# Java VM: Java HotSpot(TM) 64-Bit Server VM (17.0.12+8-LTS-286, mixed mode, emulated-client, sharing, tiered, compressed oops, compressed class ptrs, g1 gc, windows-amd64)
# No core dump will be written. Minidumps are not enabled by default on client versions of Windows
#

---------------  S U M M A R Y ------------

Command Line: -XX:TieredStopAtLevel=1 com.employeesystem.emsbackend.EmsBackendApplication

Host: AMD Ryzen 7 7735HS with Radeon Graphics, 16 cores, 13G,  Windows 11 , 64 bit Build 26100 (10.0.26100.7705)
Time: Thu Feb 19 00:55:53 2026 Sri Lanka Standard Time elapsed time: 1.144272 seconds (0d 0h 0m 1s)

---------------  T H R E A D  ---------------

Current thread (0x00000202dcc675e0):  JavaThread "Unknown thread" [_thread_in_vm, id=27492, stack(0x00000056e2100000,0x00000056e2200000)]

Stack: [0x00000056e2100000,0x00000056e2200000]
Native frames: (J=compiled Java code, j=interpreted, Vv=VM code, C=native code)
V  [jvm.dll+0x67a04a]
V  [jvm.dll+0x7da4ed]
V  [jvm.dll+0x7dbe33]
V  [jvm.dll+0x7dc4a3]
V  [jvm.dll+0x24508f]
V  [jvm.dll+0x677089]
V  [jvm.dll+0x66bd32]
V  [jvm.dll+0x301fa6]
V  [jvm.dll+0x309546]
V  [jvm.dll+0x359d2e]
V  [jvm.dll+0x359f5f]
V  [jvm.dll+0x2d9078]
V  [jvm.dll+0x2d9fe4]
V  [jvm.dll+0x7aca21]
V  [jvm.dll+0x367591]
V  [jvm.dll+0x78b999]
V  [jvm.dll+0x3ec83f]
V  [jvm.dll+0x3ee471]
C  [jli.dll+0x5297]
C  [ucrtbase.dll+0x37b0]
C  [KERNEL32.DLL+0x2e8d7]
C  [ntdll.dll+0x8c40c]


---------------  P R O C E S S  ---------------

Threads class SMR info:
_java_thread_list=0x00007ff8e27e7a18, length=0, elements={
}

Java Threads: ( => current thread )

Other Threads:
  0x00000202dccc8980 GCTaskThread "GC Thread#0" [stack: 0x00000056e2200000,0x00000056e2300000] [id=31484]
  0x00000202dccd73e0 ConcurrentGCThread "G1 Main Marker" [stack: 0x00000056e2300000,0x00000056e2400000] [id=9528]
  0x00000202dccd9ad0 ConcurrentGCThread "G1 Conc#0" [stack: 0x00000056e2400000,0x00000056e2500000] [id=32528]

[error occurred during error reporting (printing all threads), id 0xc0000005, EXCEPTION_ACCESS_VIOLATION (0xc0000005) at pc=0x00007ff8e2019b67]

VM state: not at safepoint (not fully initialized)

VM Mutex/Monitor currently owned by a thread:  ([mutex/lock_event])
[0x00000202dcc64110] Heap_lock - owner thread: 0x00000202dcc675e0

Heap address: 0x0000000724e00000, size: 3506 MB, Compressed Oops mode: Zero based, Oop shift amount: 3

CDS archive(s) mapped at: [0x0000000000000000-0x0000000000000000-0x0000000000000000), size 0, SharedBaseAddress: 0x0000000800000000, ArchiveRelocationMode: 1.
Narrow klass base: 0x0000000000000000, Narrow klass shift: 0, Narrow klass range: 0x0

GC Precious Log:
<Empty>

Heap:
 garbage-first heap   total 0K, used 0K [0x0000000724e00000, 0x0000000800000000)
  region size 2048K, 0 young (0K), 0 survivors (0K)

[error occurred during error reporting (printing heap information), id 0xc0000005, EXCEPTION_ACCESS_VIOLATION (0xc0000005) at pc=0x00007ff8e2403859]

GC Heap History (0 events):
No events

Deoptimization events (0 events):
No events

Classes unloaded (0 events):
No events

Classes redefined (0 events):
No events

Internal exceptions (0 events):
No events

VM Operations (0 events):
No events

Events (1 events):
Event: 0.007 Loaded shared library C:\Program Files\Java\jdk-17\bin\java.dll


Dynamic libraries:
0x00007ff73df50000 - 0x00007ff73df60000 	C:\Program Files\Java\jdk-17\bin\java.exe
0x00007ff907ba0000 - 0x00007ff907e08000 	C:\WINDOWS\SYSTEM32\ntdll.dll
0x00007ff907700000 - 0x00007ff9077c9000 	C:\WINDOWS\System32\KERNEL32.DLL
0x00007ff905540000 - 0x00007ff905931000 	C:\WINDOWS\System32\KERNELBASE.dll
0x00007ff904800000 - 0x00007ff90494b000 	C:\WINDOWS\System32\ucrtbase.dll
0x00007ff8f68c0000 - 0x00007ff8f68db000 	C:\Program Files\Java\jdk-17\bin\VCRUNTIME140.dll
0x00007ff8f68e0000 - 0x00007ff8f68f9000 	C:\Program Files\Java\jdk-17\bin\jli.dll
0x00007ff906020000 - 0x00007ff9060d4000 	C:\WINDOWS\System32\ADVAPI32.dll
0x00007ff905f70000 - 0x00007ff906019000 	C:\WINDOWS\System32\msvcrt.dll
0x00007ff905bf0000 - 0x00007ff905c96000 	C:\WINDOWS\System32\sechost.dll
0x00007ff9060e0000 - 0x00007ff9061f8000 	C:\WINDOWS\System32\RPCRT4.dll
0x00007ff907850000 - 0x00007ff907a16000 	C:\WINDOWS\System32\USER32.dll
0x00007ff904480000 - 0x00007ff9044a7000 	C:\WINDOWS\System32\win32u.dll
0x00007ff8e7540000 - 0x00007ff8e77d3000 	C:\WINDOWS\WinSxS\amd64_microsoft.windows.common-controls_6595b64144ccf1df_6.0.26100.7824_none_3e0870b2e3345462\COMCTL32.dll
0x00007ff9077e0000 - 0x00007ff90780b000 	C:\WINDOWS\System32\GDI32.dll
0x00007ff904620000 - 0x00007ff90474b000 	C:\WINDOWS\System32\gdi32full.dll
0x00007ff904750000 - 0x00007ff9047f3000 	C:\WINDOWS\System32\msvcp_win.dll
0x00007ff8f8b30000 - 0x00007ff8f8b3b000 	C:\WINDOWS\SYSTEM32\VERSION.dll
0x00007ff907a20000 - 0x00007ff907a51000 	C:\WINDOWS\System32\IMM32.DLL
0x00007ff8f68b0000 - 0x00007ff8f68bc000 	C:\Program Files\Java\jdk-17\bin\vcruntime140_1.dll
0x00007ff8f55b0000 - 0x00007ff8f563e000 	C:\Program Files\Java\jdk-17\bin\msvcp140.dll
0x00007ff8e1d30000 - 0x00007ff8e2910000 	C:\Program Files\Java\jdk-17\bin\server\jvm.dll
0x00007ff907810000 - 0x00007ff907818000 	C:\WINDOWS\System32\PSAPI.DLL
0x00007ff8f6860000 - 0x00007ff8f686a000 	C:\WINDOWS\SYSTEM32\WSOCK32.dll
0x00007ff8facc0000 - 0x00007ff8facf5000 	C:\WINDOWS\SYSTEM32\WINMM.dll
0x00007ff905940000 - 0x00007ff9059b4000 	C:\WINDOWS\System32\WS2_32.dll
0x00007ff9031e0000 - 0x00007ff9031fb000 	C:\WINDOWS\SYSTEM32\kernel.appcore.dll
0x00007ff8f5540000 - 0x00007ff8f554a000 	C:\Program Files\Java\jdk-17\bin\jimage.dll
0x00007ff8f64d0000 - 0x00007ff8f6712000 	C:\WINDOWS\SYSTEM32\DBGHELP.DLL
0x00007ff906370000 - 0x00007ff9066f6000 	C:\WINDOWS\System32\combase.dll
0x00007ff906f50000 - 0x00007ff907027000 	C:\WINDOWS\System32\OLEAUT32.dll
0x00007ff8f0bf0000 - 0x00007ff8f0c2b000 	C:\WINDOWS\SYSTEM32\dbgcore.DLL
0x00007ff904aa0000 - 0x00007ff904b45000 	C:\WINDOWS\System32\bcryptPrimitives.dll
0x00007ff8f4b50000 - 0x00007ff8f4b75000 	C:\Program Files\Java\jdk-17\bin\java.dll

dbghelp: loaded successfully - version: 4.0.5 - missing functions: none
symbol engine: initialized successfully - sym options: 0x614 - pdb path: .;C:\Program Files\Java\jdk-17\bin;C:\WINDOWS\SYSTEM32;C:\WINDOWS\WinSxS\amd64_microsoft.windows.common-controls_6595b64144ccf1df_6.0.26100.7824_none_3e0870b2e3345462;C:\Program Files\Java\jdk-17\bin\server

VM Arguments:
jvm_args: -XX:TieredStopAtLevel=1 
java_command: com.employeesystem.emsbackend.EmsBackendApplication
java_class_path (initial): E:\My Projects\Employee Management System\ems-backend\ems-backend\target\classes;C:\Users\LENOVO\.m2\repository\com\zaxxer\HikariCP\5.0.1\HikariCP-5.0.1.jar;C:\Users\LENOVO\.m2\repository\org\springframework\spring-jdbc\6.1.5\spring-jdbc-6.1.5.jar;C:\Users\LENOVO\.m2\repository\org\hibernate\orm\hibernate-core\6.4.4.Final\hibernate-core-6.4.4.Final.jar;C:\Users\LENOVO\.m2\repository\jakarta\persistence\jakarta.persistence-api\3.1.0\jakarta.persistence-api-3.1.0.jar;C:\Users\LENOVO\.m2\repository\jakarta\transaction\jakarta.transaction-api\2.0.1\jakarta.transaction-api-2.0.1.jar;C:\Users\LENOVO\.m2\repository\org\jboss\logging\jboss-logging\3.5.3.Final\jboss-logging-3.5.3.Final.jar;C:\Users\LENOVO\.m2\repository\org\hibernate\common\hibernate-commons-annotations\6.0.6.Final\hibernate-commons-annotations-6.0.6.Final.jar;C:\Users\LENOVO\.m2\repository\io\smallrye\jandex\3.1.2\jandex-3.1.2.jar;C:\Users\LENOVO\.m2\repository\com\fasterxml\classmate\1.6.0\classmate-1.6.0.jar;C:\Users\LENOVO\.m2\repository\net\bytebuddy\byte-buddy\1.14.12\byte-buddy-1.14.12.jar;C:\Users\LENOVO\.m2\repository\org\glassfish\jaxb\jaxb-runtime\4.0.5\jaxb-runtime-4.0.5.jar;C:\Users\LENOVO\.m2\repository\org\glassfish\jaxb\jaxb-core\4.0.5\jaxb-core-4.0.5.jar;C:\Users\LENOVO\.m2\repository\org\eclipse\angus\angus-activation\2.0.2\angus-activation-2.0.2.jar;C:\Users\LENOVO\.m2\repository\org\glassfish\jaxb\txw2\4.0.5\txw2-4.0.5.jar;C:\Users\LENOVO\.m2\repository\com\sun\istack\istack-commons-runtime\4.1.2\istack-commons-runtime-4.1.2.jar;C:\Users\LENOVO\.m2\repository\jakarta\inject\jakarta.inject-api\2.0.1\jakarta.inject-api-2.0.1.jar;C:\Users\LENOVO\.m2\repository\org\antlr\antlr4-runtime\4.13.0\antlr4-runtime-4.13.0.jar;C:\Users\LENOVO\.m2\repository\org\springframework\data\spring-data-jpa\3.2.4\spring-data-jpa-3.2.4.jar;C:\Users\LENOVO\.m2\repository\org\springframework\data\spring-data-commons\3.2.4\spring-data-commons-3.2.4.jar;C:\Users\LENOVO\.m2\repository\org
Launcher Type: SUN_STANDARD

[Global flags]
     intx CICompilerCount                          = 12                                        {product} {ergonomic}
     uint ConcGCThreads                            = 3                                         {product} {ergonomic}
     uint G1ConcRefinementThreads                  = 13                                        {product} {ergonomic}
   size_t G1HeapRegionSize                         = 2097152                                   {product} {ergonomic}
    uintx GCDrainStackTargetSize                   = 64                                        {product} {ergonomic}
   size_t InitialHeapSize                          = 230686720                                 {product} {ergonomic}
   size_t MarkStackSize                            = 4194304                                   {product} {ergonomic}
   size_t MaxHeapSize                              = 3676307456                                {product} {ergonomic}
   size_t MinHeapDeltaBytes                        = 2097152                                   {product} {ergonomic}
   size_t MinHeapSize                              = 8388608                                   {product} {ergonomic}
    uintx NonProfiledCodeHeapSize                  = 0                                      {pd product} {ergonomic}
     bool ProfileInterpreter                       = false                                  {pd product} {command line}
    uintx ProfiledCodeHeapSize                     = 0                                      {pd product} {ergonomic}
   size_t SoftMaxHeapSize                          = 3676307456                             {manageable} {ergonomic}
     intx TieredStopAtLevel                        = 1                                         {product} {command line}
     bool UseCompressedClassPointers               = true                           {product lp64_product} {ergonomic}
     bool UseCompressedOops                        = true                           {product lp64_product} {ergonomic}
     bool UseG1GC                                  = true                                      {product} {ergonomic}
     bool UseLargePagesIndividualAllocation        = false                                  {pd product} {ergonomic}

Logging:
Log output configuration:
 #0: stdout all=warning uptime,level,tags
 #1: stderr all=off uptime,level,tags

Environment Variables:
JAVA_HOME=C:\Program Files\Java\jdk-17
PATH=C:\Program Files\Common Files\Oracle\Java\javapath;C:\WINDOWS\system32;C:\WINDOWS;C:\WINDOWS\System32\Wbem;C:\WINDOWS\System32\WindowsPowerShell\v1.0\;C:\WINDOWS\System32\OpenSSH\;C:\Program Files\nodejs\;%JAVA_HOME%\bin;C:\Program Files\Git\cmd;C:\Program Files\Docker\Docker\resources\bin;C:\Java\maven-mvnd-1.0.2-windows-amd64\bin;C:\Users\LENOVO\AppData\Local\Microsoft\WindowsApps;C:\Users\LENOVO\AppData\Local\Programs\Microsoft VS Code\bin;C:\Program Files\JetBrains\IntelliJ IDEA 2025.1\bin;;C:\Program Files\MySQL\MySQL Server 8.0\bin;C:\Java\javafx-sdk-17.0.15\bin;C:\Java\jdk-17\bin;C:\Users\LENOVO\AppData\Roaming\npm;C:\Program Files\nodejs\node_modules\npm\bin;C:\Program Files\Java\jdk-17\bin;C:\Program Files\Java\jdk-17\bin;C:\Program Files\PostgreSQL\18\bin;C:\Android\flutter\bin;C:\Program Files\Android\Android Studio\bin;C:\Users\LENOVO\AppData\Local\Pub\Cache\bin;C:\Users\LENOVO\AppData\Local\Programs\Antigravity\bin;C:\Program Files\Git\bin;
USERNAME=LENOVO
OS=Windows_NT
PROCESSOR_IDENTIFIER=AMD64 Family 25 Model 68 Stepping 1, AuthenticAMD



---------------  S Y S T E M  ---------------

OS:
 Windows 11 , 64 bit Build 26100 (10.0.26100.7705)
OS uptime: 0 days 14:40 hours
Hyper-V role detected

CPU: total 16 (initial active 16) (16 cores per cpu, 2 threads per core) family 25 model 68 stepping 1 microcode 0xa404107, cx8, cmov, fxsr, ht, mmx, 3dnowpref, sse, sse2, sse3, ssse3, sse4a, sse4.1, sse4.2, popcnt, lzcnt, tsc, tscinvbit, avx, avx2, aes, erms, clmul, bmi1, bmi2, adx, sha, fma, vzeroupper, clflush, clflushopt, hv

Memory: 4k page, system-wide physical 14020M (792M free)
TotalPageFile size 33345M (AvailPageFile size 209M)
current process WorkingSet (physical memory assigned to process): 12M, peak: 12M
current process commit charge ("private bytes"): 66M, peak: 285M

vm_info: Java HotSpot(TM) 64-Bit Server VM (17.0.12+8-LTS-286) for windows-amd64 JRE (17.0.12+8-LTS-286), built on Jun  5 2024 06:46:59 by "mach5one" with MS VC++ 17.6 (VS2022)

END.
